Archive member included to satisfy reference by file (symbol)

c:/chibistudio/tools/gnu tools arm embedded/6.3 2017q1/bin/../lib/gcc/arm-none-eabi/6.3.1/../../../../arm-none-eabi/lib/thumb/v7-m\libg.a(lib_a-memset.o)
                              C:\Users\ALEX'S~1\AppData\Local\Temp\ccNPQzTn.ltrans0.ltrans.o (memset)

Discarded input sections

 .data          0x00000000        0x0 build/obj/crt0_v7m.o
 .bss           0x00000000        0x0 build/obj/crt0_v7m.o
 .data          0x00000000        0x0 build/obj/chcoreasm_v7m.o
 .bss           0x00000000        0x0 build/obj/chcoreasm_v7m.o
 .text          0x00000000        0x0 build/obj/crt1.o (symbol from plugin)
 .text          0x00000000        0x0 C:\Users\ALEX'S~1\AppData\Local\Temp\ccNPQzTn.ltrans0.ltrans.o
 .data          0x00000000        0x0 C:\Users\ALEX'S~1\AppData\Local\Temp\ccNPQzTn.ltrans0.ltrans.o
 .bss           0x00000000        0x0 C:\Users\ALEX'S~1\AppData\Local\Temp\ccNPQzTn.ltrans0.ltrans.o
 .text          0x00000000        0x0 build/obj/vectors.o (symbol from plugin)
 .text          0x00000000        0x0 build/obj/chsys.o (symbol from plugin)
 .text          0x00000000        0x0 build/obj/chdebug.o (symbol from plugin)
 .text          0x00000000        0x0 build/obj/chvt.o (symbol from plugin)
 .text          0x00000000        0x0 build/obj/chschd.o (symbol from plugin)
 .text          0x00000000        0x0 build/obj/chthreads.o (symbol from plugin)
 .text          0x00000000        0x0 build/obj/chtm.o (symbol from plugin)
 .text          0x00000000        0x0 build/obj/chdynamic.o (symbol from plugin)
 .text          0x00000000        0x0 build/obj/chregistry.o (symbol from plugin)
 .text          0x00000000        0x0 build/obj/chsem.o (symbol from plugin)
 .text          0x00000000        0x0 build/obj/chmtx.o (symbol from plugin)
 .text          0x00000000        0x0 build/obj/chcond.o (symbol from plugin)
 .text          0x00000000        0x0 build/obj/chevents.o (symbol from plugin)
 .text          0x00000000        0x0 build/obj/chmsg.o (symbol from plugin)
 .text          0x00000000        0x0 build/obj/chmboxes.o (symbol from plugin)
 .text          0x00000000        0x0 build/obj/chqueues.o (symbol from plugin)
 .text          0x00000000        0x0 build/obj/chmemcore.o (symbol from plugin)
 .text          0x00000000        0x0 build/obj/chheap.o (symbol from plugin)
 .text          0x00000000        0x0 build/obj/chmempools.o (symbol from plugin)
 .text          0x00000000        0x0 build/obj/chcore.o (symbol from plugin)
 .text          0x00000000        0x0 build/obj/chcore_v7m.o (symbol from plugin)
 .text          0x00000000        0x0 build/obj/osal.o (symbol from plugin)
 .text          0x00000000        0x0 build/obj/hal.o (symbol from plugin)
 .text          0x00000000        0x0 build/obj/st.o (symbol from plugin)
 .text          0x00000000        0x0 build/obj/hal_buffers.o (symbol from plugin)
 .text          0x00000000        0x0 build/obj/hal_queues.o (symbol from plugin)
 .text          0x00000000        0x0 build/obj/hal_mmcsd.o (symbol from plugin)
 .text          0x00000000        0x0 build/obj/pal.o (symbol from plugin)
 .text          0x00000000        0x0 build/obj/pwm.o (symbol from plugin)
 .text          0x00000000        0x0 build/obj/serial.o (symbol from plugin)
 .text          0x00000000        0x0 build/obj/nvic.o (symbol from plugin)
 .text          0x00000000        0x0 build/obj/hal_lld.o (symbol from plugin)
 .text          0x00000000        0x0 build/obj/stm32_dma.o (symbol from plugin)
 .text          0x00000000        0x0 build/obj/st_lld.o (symbol from plugin)
 .text          0x00000000        0x0 build/obj/pal_lld.o (symbol from plugin)
 .text          0x00000000        0x0 build/obj/pwm_lld.o (symbol from plugin)
 .text          0x00000000        0x0 build/obj/serial_lld.o (symbol from plugin)
 .text          0x00000000        0x0 build/obj/board.o (symbol from plugin)
 .text          0x00000000        0x0 build/obj/main.o (symbol from plugin)
 .text          0x00000000        0x0 build/obj/MotorPWM.o (symbol from plugin)
 .text          0x00000000        0x0 build/obj/Bluetooth.o (symbol from plugin)
 .text          0x00000000        0x0 c:/chibistudio/tools/gnu tools arm embedded/6.3 2017q1/bin/../lib/gcc/arm-none-eabi/6.3.1/../../../../arm-none-eabi/lib/thumb/v7-m\libg.a(lib_a-memset.o)
 .data          0x00000000        0x0 c:/chibistudio/tools/gnu tools arm embedded/6.3 2017q1/bin/../lib/gcc/arm-none-eabi/6.3.1/../../../../arm-none-eabi/lib/thumb/v7-m\libg.a(lib_a-memset.o)
 .bss           0x00000000        0x0 c:/chibistudio/tools/gnu tools arm embedded/6.3 2017q1/bin/../lib/gcc/arm-none-eabi/6.3.1/../../../../arm-none-eabi/lib/thumb/v7-m\libg.a(lib_a-memset.o)

Memory Configuration

Name             Origin             Length             Attributes
flash            0x08000000         0x00020000
ram0             0x20000000         0x00005000
ram1             0x00000000         0x00000000
ram2             0x00000000         0x00000000
ram3             0x00000000         0x00000000
ram4             0x00000000         0x00000000
ram5             0x00000000         0x00000000
ram6             0x00000000         0x00000000
ram7             0x00000000         0x00000000
*default*        0x00000000         0xffffffff

Linker script and memory map

LOAD build/obj/crt0_v7m.o
LOAD build/obj/chcoreasm_v7m.o
LOAD build/obj/crt1.o
LOAD C:\Users\ALEX'S~1\AppData\Local\Temp\ccNPQzTn.ltrans0.ltrans.o
LOAD build/obj/vectors.o
LOAD build/obj/chsys.o
LOAD build/obj/chdebug.o
LOAD build/obj/chvt.o
LOAD build/obj/chschd.o
LOAD build/obj/chthreads.o
LOAD build/obj/chtm.o
LOAD build/obj/chdynamic.o
LOAD build/obj/chregistry.o
LOAD build/obj/chsem.o
LOAD build/obj/chmtx.o
LOAD build/obj/chcond.o
LOAD build/obj/chevents.o
LOAD build/obj/chmsg.o
LOAD build/obj/chmboxes.o
LOAD build/obj/chqueues.o
LOAD build/obj/chmemcore.o
LOAD build/obj/chheap.o
LOAD build/obj/chmempools.o
LOAD build/obj/chcore.o
LOAD build/obj/chcore_v7m.o
LOAD build/obj/osal.o
LOAD build/obj/hal.o
LOAD build/obj/st.o
LOAD build/obj/hal_buffers.o
LOAD build/obj/hal_queues.o
LOAD build/obj/hal_mmcsd.o
LOAD build/obj/pal.o
LOAD build/obj/pwm.o
LOAD build/obj/serial.o
LOAD build/obj/nvic.o
LOAD build/obj/hal_lld.o
LOAD build/obj/stm32_dma.o
LOAD build/obj/st_lld.o
LOAD build/obj/pal_lld.o
LOAD build/obj/pwm_lld.o
LOAD build/obj/serial_lld.o
LOAD build/obj/board.o
LOAD build/obj/main.o
LOAD build/obj/MotorPWM.o
LOAD build/obj/Bluetooth.o
                0x20000000                __ram0_start__ = ORIGIN (ram0)
                0x00005000                __ram0_size__ = LENGTH (ram0)
                0x20005000                __ram0_end__ = (__ram0_start__ + __ram0_size__)
                0x00000000                __ram1_start__ = ORIGIN (ram1)
                0x00000000                __ram1_size__ = LENGTH (ram1)
                0x00000000                __ram1_end__ = (__ram1_start__ + __ram1_size__)
                0x00000000                __ram2_start__ = ORIGIN (ram2)
                0x00000000                __ram2_size__ = LENGTH (ram2)
                0x00000000                __ram2_end__ = (__ram2_start__ + __ram2_size__)
                0x00000000                __ram3_start__ = ORIGIN (ram3)
                0x00000000                __ram3_size__ = LENGTH (ram3)
                0x00000000                __ram3_end__ = (__ram3_start__ + __ram3_size__)
                0x00000000                __ram4_start__ = ORIGIN (ram4)
                0x00000000                __ram4_size__ = LENGTH (ram4)
                0x00000000                __ram4_end__ = (__ram4_start__ + __ram4_size__)
                0x00000000                __ram5_start__ = ORIGIN (ram5)
                0x00000000                __ram5_size__ = LENGTH (ram5)
                0x00000000                __ram5_end__ = (__ram5_start__ + __ram5_size__)
                0x00000000                __ram6_start__ = ORIGIN (ram6)
                0x00000000                __ram6_size__ = LENGTH (ram6)
                0x00000000                __ram6_end__ = (__ram6_start__ + __ram6_size__)
                0x00000000                __ram7_start__ = ORIGIN (ram7)
                0x00000000                __ram7_size__ = LENGTH (ram7)
                0x00000000                __ram7_end__ = (__ram7_start__ + __ram7_size__)
                0x00000000                . = 0x0
                0x00000000                _text = .

startup         0x08000000      0x160
 *(.vectors)
 .vectors       0x08000000      0x160 C:\Users\ALEX'S~1\AppData\Local\Temp\ccNPQzTn.ltrans0.ltrans.o
                0x08000000                _vectors

constructors    0x08000160        0x0
                0x08000160                __init_array_start = .
 *(SORT(.init_array.*))
 *(.init_array)
                0x08000160                __init_array_end = .

destructors     0x08000160        0x0
                0x08000160                __fini_array_start = .
 *(.fini_array)
 *(SORT(.fini_array.*))
                0x08000160                __fini_array_end = .

.text           0x08000160     0x1730
 *(.text)
 .text          0x08000160       0xc4 build/obj/crt0_v7m.o
                0x08000160                Reset_Handler
 *fill*         0x08000224        0xc 
 .text          0x08000230       0x28 build/obj/chcoreasm_v7m.o
                0x08000230                _port_switch
                0x08000240                _port_thread_start
                0x08000250                _port_switch_from_isr
                0x08000254                _port_exit_from_isr
 *(.text.*)
 *fill*         0x08000258        0x8 
 .text.chTMStartMeasurementX.constprop.20
                0x08000260        0xc C:\Users\ALEX'S~1\AppData\Local\Temp\ccNPQzTn.ltrans0.ltrans.o
 *fill*         0x0800026c        0x4 
 .text._idle_thread
                0x08000270        0x4 C:\Users\ALEX'S~1\AppData\Local\Temp\ccNPQzTn.ltrans0.ltrans.o
 *fill*         0x08000274        0xc 
 .text.chCoreAlloc
                0x08000280       0x38 C:\Users\ALEX'S~1\AppData\Local\Temp\ccNPQzTn.ltrans0.ltrans.o
 *fill*         0x080002b8        0x8 
 .text.notify2  0x080002c0       0x10 C:\Users\ALEX'S~1\AppData\Local\Temp\ccNPQzTn.ltrans0.ltrans.o
 .text.pwm_lld_serve_interrupt
                0x080002d0       0x5c C:\Users\ALEX'S~1\AppData\Local\Temp\ccNPQzTn.ltrans0.ltrans.o
 *fill*         0x0800032c        0x4 
 .text.pwm_lld_start
                0x08000330      0x148 C:\Users\ALEX'S~1\AppData\Local\Temp\ccNPQzTn.ltrans0.ltrans.o
 *fill*         0x08000478        0x8 
 .text._port_irq_epilogue
                0x08000480       0x5c C:\Users\ALEX'S~1\AppData\Local\Temp\ccNPQzTn.ltrans0.ltrans.o
 *fill*         0x080004dc        0x4 
 .text.VectorB4
                0x080004e0       0x14 C:\Users\ALEX'S~1\AppData\Local\Temp\ccNPQzTn.ltrans0.ltrans.o
 *fill*         0x080004f4        0xc 
 .text.VectorA4
                0x08000500       0x14 C:\Users\ALEX'S~1\AppData\Local\Temp\ccNPQzTn.ltrans0.ltrans.o
 *fill*         0x08000514        0xc 
 .text.VectorAC
                0x08000520        0x4 C:\Users\ALEX'S~1\AppData\Local\Temp\ccNPQzTn.ltrans0.ltrans.o
 *fill*         0x08000524        0xc 
 .text.VectorB0
                0x08000530       0xa0 C:\Users\ALEX'S~1\AppData\Local\Temp\ccNPQzTn.ltrans0.ltrans.o
 .text.SVC_Handler
                0x080005d0       0x1c C:\Users\ALEX'S~1\AppData\Local\Temp\ccNPQzTn.ltrans0.ltrans.o
 *fill*         0x080005ec        0x4 
 .text.chTMStopMeasurementX
                0x080005f0       0x44 C:\Users\ALEX'S~1\AppData\Local\Temp\ccNPQzTn.ltrans0.ltrans.o
 *fill*         0x08000634        0xc 
 .text.wakeup   0x08000640       0x6c C:\Users\ALEX'S~1\AppData\Local\Temp\ccNPQzTn.ltrans0.ltrans.o
 *fill*         0x080006ac        0x4 
 .text.chSchReadyI
                0x080006b0       0x28 C:\Users\ALEX'S~1\AppData\Local\Temp\ccNPQzTn.ltrans0.ltrans.o
 *fill*         0x080006d8        0x8 
 .text.chEvtBroadcastFlagsI.constprop.15
                0x080006e0       0x64 C:\Users\ALEX'S~1\AppData\Local\Temp\ccNPQzTn.ltrans0.ltrans.o
 *fill*         0x08000744        0xc 
 .text.chIQResetI.constprop.12
                0x08000750       0x38 C:\Users\ALEX'S~1\AppData\Local\Temp\ccNPQzTn.ltrans0.ltrans.o
 *fill*         0x08000788        0x8 
 .text.VectorD8
                0x08000790      0x1b0 C:\Users\ALEX'S~1\AppData\Local\Temp\ccNPQzTn.ltrans0.ltrans.o
 .text._unhandled_exception
                0x08000940        0x4 C:\Users\ALEX'S~1\AppData\Local\Temp\ccNPQzTn.ltrans0.ltrans.o
 *fill*         0x08000944        0xc 
 .text.chThdCreateStatic.constprop.23
                0x08000950       0xa4 C:\Users\ALEX'S~1\AppData\Local\Temp\ccNPQzTn.ltrans0.ltrans.o
 *fill*         0x080009f4        0xc 
 .text.chSchGoSleepS
                0x08000a00       0x24 C:\Users\ALEX'S~1\AppData\Local\Temp\ccNPQzTn.ltrans0.ltrans.o
 *fill*         0x08000a24        0xc 
 .text.chSchGoSleepTimeoutS
                0x08000a30      0x148 C:\Users\ALEX'S~1\AppData\Local\Temp\ccNPQzTn.ltrans0.ltrans.o
 *fill*         0x08000b78        0x8 
 .text.chThdEnqueueTimeoutS
                0x08000b80       0x28 C:\Users\ALEX'S~1\AppData\Local\Temp\ccNPQzTn.ltrans0.ltrans.o
 *fill*         0x08000ba8        0x8 
 .text.chOQWriteTimeout
                0x08000bb0       0x84 C:\Users\ALEX'S~1\AppData\Local\Temp\ccNPQzTn.ltrans0.ltrans.o
 *fill*         0x08000c34        0xc 
 .text.writet   0x08000c40        0x8 C:\Users\ALEX'S~1\AppData\Local\Temp\ccNPQzTn.ltrans0.ltrans.o
 *fill*         0x08000c48        0x8 
 .text.write    0x08000c50        0xc C:\Users\ALEX'S~1\AppData\Local\Temp\ccNPQzTn.ltrans0.ltrans.o
 *fill*         0x08000c5c        0x4 
 .text.chOQPutTimeout
                0x08000c60       0x54 C:\Users\ALEX'S~1\AppData\Local\Temp\ccNPQzTn.ltrans0.ltrans.o
 *fill*         0x08000cb4        0xc 
 .text.putt     0x08000cc0        0x8 C:\Users\ALEX'S~1\AppData\Local\Temp\ccNPQzTn.ltrans0.ltrans.o
 *fill*         0x08000cc8        0x8 
 .text.put      0x08000cd0        0xc C:\Users\ALEX'S~1\AppData\Local\Temp\ccNPQzTn.ltrans0.ltrans.o
 *fill*         0x08000cdc        0x4 
 .text.chIQReadTimeout
                0x08000ce0       0x78 C:\Users\ALEX'S~1\AppData\Local\Temp\ccNPQzTn.ltrans0.ltrans.o
 *fill*         0x08000d58        0x8 
 .text.readt    0x08000d60        0x8 C:\Users\ALEX'S~1\AppData\Local\Temp\ccNPQzTn.ltrans0.ltrans.o
 *fill*         0x08000d68        0x8 
 .text.read     0x08000d70        0xc C:\Users\ALEX'S~1\AppData\Local\Temp\ccNPQzTn.ltrans0.ltrans.o
 *fill*         0x08000d7c        0x4 
 .text.chIQGetTimeout
                0x08000d80       0x50 C:\Users\ALEX'S~1\AppData\Local\Temp\ccNPQzTn.ltrans0.ltrans.o
 .text.gett     0x08000dd0        0x8 C:\Users\ALEX'S~1\AppData\Local\Temp\ccNPQzTn.ltrans0.ltrans.o
 *fill*         0x08000dd8        0x8 
 .text.get      0x08000de0        0xc C:\Users\ALEX'S~1\AppData\Local\Temp\ccNPQzTn.ltrans0.ltrans.o
 *fill*         0x08000dec        0x4 
 .text.chThdSleep
                0x08000df0       0x18 C:\Users\ALEX'S~1\AppData\Local\Temp\ccNPQzTn.ltrans0.ltrans.o
 *fill*         0x08000e08        0x8 
 .text.MotorThd
                0x08000e10       0x98 C:\Users\ALEX'S~1\AppData\Local\Temp\ccNPQzTn.ltrans0.ltrans.o
 *fill*         0x08000ea8        0x8 
 .text.Thread1  0x08000eb0       0x30 C:\Users\ALEX'S~1\AppData\Local\Temp\ccNPQzTn.ltrans0.ltrans.o
 .text.BluetoothThd
                0x08000ee0      0x21c C:\Users\ALEX'S~1\AppData\Local\Temp\ccNPQzTn.ltrans0.ltrans.o
 *fill*         0x080010fc        0x4 
 .text.startup.main
                0x08001100      0x478 C:\Users\ALEX'S~1\AppData\Local\Temp\ccNPQzTn.ltrans0.ltrans.o
                0x08001100                main
 *fill*         0x08001578        0x8 
 .text.__early_init
                0x08001580       0x6c C:\Users\ALEX'S~1\AppData\Local\Temp\ccNPQzTn.ltrans0.ltrans.o
                0x08001580                __early_init
 *fill*         0x080015ec        0x4 
 .text.chThdExit
                0x080015f0       0x48 C:\Users\ALEX'S~1\AppData\Local\Temp\ccNPQzTn.ltrans0.ltrans.o
                0x080015f0                chThdExit
 *fill*         0x08001638        0x8 
 .text.chSchDoReschedule
                0x08001640       0x3c C:\Users\ALEX'S~1\AppData\Local\Temp\ccNPQzTn.ltrans0.ltrans.o
                0x08001640                chSchDoReschedule
 *fill*         0x0800167c        0x4 
 .text.__init_ram_areas
                0x08001680       0x60 C:\Users\ALEX'S~1\AppData\Local\Temp\ccNPQzTn.ltrans0.ltrans.o
                0x08001680                __init_ram_areas
 .text.__default_exit
                0x080016e0        0x4 C:\Users\ALEX'S~1\AppData\Local\Temp\ccNPQzTn.ltrans0.ltrans.o
                0x080016e0                __default_exit
 *fill*         0x080016e4        0xc 
 .text.__late_init
                0x080016f0        0x4 C:\Users\ALEX'S~1\AppData\Local\Temp\ccNPQzTn.ltrans0.ltrans.o
                0x080016f0                __late_init
 *fill*         0x080016f4        0xc 
 .text.__core_init
                0x08001700        0x4 C:\Users\ALEX'S~1\AppData\Local\Temp\ccNPQzTn.ltrans0.ltrans.o
                0x08001700                __core_init
 *fill*         0x08001704        0xc 
 .text.memset   0x08001710       0x9c c:/chibistudio/tools/gnu tools arm embedded/6.3 2017q1/bin/../lib/gcc/arm-none-eabi/6.3.1/../../../../arm-none-eabi/lib/thumb/v7-m\libg.a(lib_a-memset.o)
                0x08001710                memset
 *(.rodata)
 *(.rodata.*)
 *fill*         0x080017ac        0x4 
 .rodata.Thread1.str1.4
                0x080017b0        0x8 C:\Users\ALEX'S~1\AppData\Local\Temp\ccNPQzTn.ltrans0.ltrans.o
 *fill*         0x080017b8        0x8 
 .rodata.ch_debug
                0x080017c0       0x16 C:\Users\ALEX'S~1\AppData\Local\Temp\ccNPQzTn.ltrans0.ltrans.o
 *fill*         0x080017d6        0xa 
 .rodata.main.str1.4
                0x080017e0        0x8 C:\Users\ALEX'S~1\AppData\Local\Temp\ccNPQzTn.ltrans0.ltrans.o
                                  0x5 (size before relaxing)
 *fill*         0x080017e8        0x8 
 .rodata.ram_areas
                0x080017f0       0x80 C:\Users\ALEX'S~1\AppData\Local\Temp\ccNPQzTn.ltrans0.ltrans.o
 .rodata.vmt    0x08001870       0x20 C:\Users\ALEX'S~1\AppData\Local\Temp\ccNPQzTn.ltrans0.ltrans.o
 *(.glue_7t)
 .glue_7t       0x08001890        0x0 linker stubs
 *(.glue_7)
 .glue_7        0x08001890        0x0 linker stubs
 *(.gcc*)

.vfp11_veneer   0x08001890        0x0
 .vfp11_veneer  0x08001890        0x0 linker stubs

.v4_bx          0x08001890        0x0
 .v4_bx         0x08001890        0x0 linker stubs

.iplt           0x08001890        0x0
 .iplt          0x08001890        0x0 build/obj/crt0_v7m.o

.rel.dyn        0x08001890        0x0
 .rel.iplt      0x08001890        0x0 build/obj/crt0_v7m.o

.ARM.extab
 *(.ARM.extab* .gnu.linkonce.armextab.*)

.ARM.exidx      0x08001890        0x0
                0x08001890                __exidx_start = .
 *(.ARM.exidx* .gnu.linkonce.armexidx.*)
                0x08001890                __exidx_end = .

.eh_frame_hdr
 *(.eh_frame_hdr)

.eh_frame
 *(.eh_frame)

.textalign      0x08001890        0x0
                0x08001890                . = ALIGN (0x8)
                0x08001890                . = ALIGN (0x4)
                [!provide]                PROVIDE (_etext, .)

.mstack         0x20000000      0x400
                0x20000000                . = ALIGN (0x8)
                0x20000000                __main_stack_base__ = .
                0x20000400                . = (. + __main_stack_size__)
 *fill*         0x20000000      0x400 
                0x20000400                . = ALIGN (0x8)
                0x20000400                __main_stack_end__ = .

.pstack         0x20000400      0x400
                0x20000400                __process_stack_base__ = .
                0x20000400                __main_thread_stack_base__ = .
                0x20000800                . = (. + __process_stack_size__)
 *fill*         0x20000400      0x400 
                0x20000800                . = ALIGN (0x8)
                0x20000800                __process_stack_end__ = .
                0x20000800                __main_thread_stack_end__ = .

.data           0x20000800       0x34 load address 0x08001890
                0x20000800                . = ALIGN (0x4)
                [!provide]                PROVIDE (_textdata, LOADADDR (.data))
                [!provide]                PROVIDE (_data, .)
                0x08001890                _textdata_start = LOADADDR (.data)
                0x20000800                _data_start = .
 *(.data)
 *(.data.*)
 .data.pwmcfg   0x20000800       0x34 C:\Users\ALEX'S~1\AppData\Local\Temp\ccNPQzTn.ltrans0.ltrans.o
 *(.ramtext)
                0x20000834                . = ALIGN (0x4)
                [!provide]                PROVIDE (_edata, .)
                0x20000834                _data_end = .

.igot.plt       0x20000834        0x0 load address 0x080018c4
 .igot.plt      0x20000834        0x0 build/obj/crt0_v7m.o

.bss            0x20000838      0x690 load address 0x080018c4
                0x20000838                . = ALIGN (0x4)
                0x20000838                _bss_start = .
 *(.bss)
 *(.bss.*)
 .bss.BluetoothThd_wa
                0x20000838      0x148 C:\Users\ALEX'S~1\AppData\Local\Temp\ccNPQzTn.ltrans0.ltrans.o
 .bss.MotorThdwa
                0x20000980      0x148 C:\Users\ALEX'S~1\AppData\Local\Temp\ccNPQzTn.ltrans0.ltrans.o
 .bss.PWMD1     0x20000ac8       0x1c C:\Users\ALEX'S~1\AppData\Local\Temp\ccNPQzTn.ltrans0.ltrans.o
 .bss.PWMD3     0x20000ae4       0x1c C:\Users\ALEX'S~1\AppData\Local\Temp\ccNPQzTn.ltrans0.ltrans.o
 .bss.SD2       0x20000b00       0x98 C:\Users\ALEX'S~1\AppData\Local\Temp\ccNPQzTn.ltrans0.ltrans.o
 .bss.ch        0x20000b98      0x150 C:\Users\ALEX'S~1\AppData\Local\Temp\ccNPQzTn.ltrans0.ltrans.o
 .bss.datalength
                0x20000ce8        0x1 C:\Users\ALEX'S~1\AppData\Local\Temp\ccNPQzTn.ltrans0.ltrans.o
 *fill*         0x20000ce9        0x7 
 .bss.default_heap
                0x20000cf0       0x20 C:\Users\ALEX'S~1\AppData\Local\Temp\ccNPQzTn.ltrans0.ltrans.o
 .bss.endmem    0x20000d10        0x4 C:\Users\ALEX'S~1\AppData\Local\Temp\ccNPQzTn.ltrans0.ltrans.o
 .bss.foundheader
                0x20000d14        0x1 C:\Users\ALEX'S~1\AppData\Local\Temp\ccNPQzTn.ltrans0.ltrans.o
 .bss.i.6609    0x20000d15        0x1 C:\Users\ALEX'S~1\AppData\Local\Temp\ccNPQzTn.ltrans0.ltrans.o
 .bss.i.6613    0x20000d16        0x1 C:\Users\ALEX'S~1\AppData\Local\Temp\ccNPQzTn.ltrans0.ltrans.o
 .bss.i.6615    0x20000d17        0x1 C:\Users\ALEX'S~1\AppData\Local\Temp\ccNPQzTn.ltrans0.ltrans.o
 .bss.motorPins
                0x20000d18       0x28 C:\Users\ALEX'S~1\AppData\Local\Temp\ccNPQzTn.ltrans0.ltrans.o
 .bss.motorPwrCommand
                0x20000d40        0xa C:\Users\ALEX'S~1\AppData\Local\Temp\ccNPQzTn.ltrans0.ltrans.o
 .bss.negative.6610
                0x20000d4a        0x1 C:\Users\ALEX'S~1\AppData\Local\Temp\ccNPQzTn.ltrans0.ltrans.o
 *fill*         0x20000d4b        0x1 
 .bss.nextmem   0x20000d4c        0x4 C:\Users\ALEX'S~1\AppData\Local\Temp\ccNPQzTn.ltrans0.ltrans.o
 .bss.pending_flags.6626
                0x20000d50        0x4 C:\Users\ALEX'S~1\AppData\Local\Temp\ccNPQzTn.ltrans0.ltrans.o
 .bss.pins      0x20000d54        0x4 C:\Users\ALEX'S~1\AppData\Local\Temp\ccNPQzTn.ltrans0.ltrans.o
 .bss.power.6611
                0x20000d58        0x2 C:\Users\ALEX'S~1\AppData\Local\Temp\ccNPQzTn.ltrans0.ltrans.o
 *fill*         0x20000d5a        0x2 
 .bss.sdrxbuf   0x20000d5c       0x20 C:\Users\ALEX'S~1\AppData\Local\Temp\ccNPQzTn.ltrans0.ltrans.o
 *fill*         0x20000d7c        0x4 
 .bss.waThread1
                0x20000d80      0x148 C:\Users\ALEX'S~1\AppData\Local\Temp\ccNPQzTn.ltrans0.ltrans.o
 *(COMMON)
                0x20000ec8                . = ALIGN (0x4)
                0x20000ec8                _bss_end = .
                [!provide]                PROVIDE (end, .)

.ram0_init      0x20000ec8        0x0 load address 0x080018c4
                0x20000ec8                . = ALIGN (0x4)
                0x080018c4                __ram0_init_text__ = LOADADDR (.ram0_init)
                0x20000ec8                __ram0_init__ = .
 *(.ram0_init)
 *(.ram0_init.*)
                0x20000ec8                . = ALIGN (0x4)

.ram0           0x20000ec8        0x0 load address 0x080018c4
                0x20000ec8                . = ALIGN (0x4)
                0x20000ec8                __ram0_clear__ = .
 *(.ram0_clear)
 *(.ram0_clear.*)
                0x20000ec8                . = ALIGN (0x4)
                0x20000ec8                __ram0_noinit__ = .
 *(.ram0)
 *(.ram0.*)
                0x20000ec8                . = ALIGN (0x4)
                0x20000ec8                __ram0_free__ = .

.ram1_init      0x00000000        0x0 load address 0x080018c4
                0x00000000                . = ALIGN (0x4)
                0x080018c4                __ram1_init_text__ = LOADADDR (.ram1_init)
                0x00000000                __ram1_init__ = .
 *(.ram1_init)
 *(.ram1_init.*)
                0x00000000                . = ALIGN (0x4)

.ram1           0x00000000        0x0 load address 0x080018c4
                0x00000000                . = ALIGN (0x4)
                0x00000000                __ram1_clear__ = .
 *(.ram1_clear)
 *(.ram1_clear.*)
                0x00000000                . = ALIGN (0x4)
                0x00000000                __ram1_noinit__ = .
 *(.ram1)
 *(.ram1.*)
                0x00000000                . = ALIGN (0x4)
                0x00000000                __ram1_free__ = .

.ram2_init      0x00000000        0x0 load address 0x080018c4
                0x00000000                . = ALIGN (0x4)
                0x080018c4                __ram2_init_text__ = LOADADDR (.ram2_init)
                0x00000000                __ram2_init__ = .
 *(.ram2_init)
 *(.ram2_init.*)
                0x00000000                . = ALIGN (0x4)

.ram2           0x00000000        0x0 load address 0x080018c4
                0x00000000                . = ALIGN (0x4)
                0x00000000                __ram2_clear__ = .
 *(.ram2_clear)
 *(.ram2_clear.*)
                0x00000000                . = ALIGN (0x4)
                0x00000000                __ram2_noinit__ = .
 *(.ram2)
 *(.ram2.*)
                0x00000000                . = ALIGN (0x4)
                0x00000000                __ram2_free__ = .

.ram3_init      0x00000000        0x0 load address 0x080018c4
                0x00000000                . = ALIGN (0x4)
                0x080018c4                __ram3_init_text__ = LOADADDR (.ram3_init)
                0x00000000                __ram3_init__ = .
 *(.ram3_init)
 *(.ram3_init.*)
                0x00000000                . = ALIGN (0x4)

.ram3           0x00000000        0x0 load address 0x080018c4
                0x00000000                . = ALIGN (0x4)
                0x00000000                __ram3_clear__ = .
 *(.ram3_clear)
 *(.ram3_clear.*)
                0x00000000                . = ALIGN (0x4)
                0x00000000                __ram3_noinit__ = .
 *(.ram3)
 *(.ram3.*)
                0x00000000                . = ALIGN (0x4)
                0x00000000                __ram3_free__ = .

.ram4_init      0x00000000        0x0 load address 0x080018c4
                0x00000000                . = ALIGN (0x4)
                0x080018c4                __ram4_init_text__ = LOADADDR (.ram4_init)
                0x00000000                __ram4_init__ = .
 *(.ram4_init)
 *(.ram4_init.*)
                0x00000000                . = ALIGN (0x4)

.ram4           0x00000000        0x0 load address 0x080018c4
                0x00000000                . = ALIGN (0x4)
                0x00000000                __ram4_clear__ = .
 *(.ram4_clear)
 *(.ram4_clear.*)
                0x00000000                . = ALIGN (0x4)
                0x00000000                __ram4_noinit__ = .
 *(.ram4)
 *(.ram4.*)
                0x00000000                . = ALIGN (0x4)
                0x00000000                __ram4_free__ = .

.ram5_init      0x00000000        0x0 load address 0x080018c4
                0x00000000                . = ALIGN (0x4)
                0x080018c4                __ram5_init_text__ = LOADADDR (.ram5_init)
                0x00000000                __ram5_init__ = .
 *(.ram5_init)
 *(.ram5_init.*)
                0x00000000                . = ALIGN (0x4)

.ram5           0x00000000        0x0 load address 0x080018c4
                0x00000000                . = ALIGN (0x4)
                0x00000000                __ram5_clear__ = .
 *(.ram5_clear)
 *(.ram5_clear.*)
                0x00000000                . = ALIGN (0x4)
                0x00000000                __ram5_noinit__ = .
 *(.ram5)
 *(.ram5.*)
                0x00000000                . = ALIGN (0x4)
                0x00000000                __ram5_free__ = .

.ram6_init      0x00000000        0x0 load address 0x080018c4
                0x00000000                . = ALIGN (0x4)
                0x080018c4                __ram6_init_text__ = LOADADDR (.ram6_init)
                0x00000000                __ram6_init__ = .
 *(.ram6_init)
 *(.ram6_init.*)
                0x00000000                . = ALIGN (0x4)

.ram6           0x00000000        0x0 load address 0x080018c4
                0x00000000                . = ALIGN (0x4)
                0x00000000                __ram6_clear__ = .
 *(.ram6_clear)
 *(.ram6_clear.*)
                0x00000000                . = ALIGN (0x4)
                0x00000000                __ram6_noinit__ = .
 *(.ram6)
 *(.ram6.*)
                0x00000000                . = ALIGN (0x4)
                0x00000000                __ram6_free__ = .

.ram7_init      0x00000000        0x0 load address 0x080018c4
                0x00000000                . = ALIGN (0x4)
                0x080018c4                __ram7_init_text__ = LOADADDR (.ram7_init)
                0x00000000                __ram7_init__ = .
 *(.ram7_init)
 *(.ram7_init.*)
                0x00000000                . = ALIGN (0x4)

.ram7           0x00000000        0x0 load address 0x080018c4
                0x00000000                . = ALIGN (0x4)
                0x00000000                __ram7_clear__ = .
 *(.ram7_clear)
 *(.ram7_clear.*)
                0x00000000                . = ALIGN (0x4)
                0x00000000                __ram7_noinit__ = .
 *(.ram7)
 *(.ram7.*)
                0x00000000                . = ALIGN (0x4)
                0x00000000                __ram7_free__ = .

.heap           0x20000ec8     0x4138
                0x20000ec8                . = ALIGN (0x8)
                0x20000ec8                __heap_base__ = .
                0x20005000                . = (ORIGIN (HEAP_RAM) + LENGTH (HEAP_RAM))
 *fill*         0x20000ec8     0x4138 
                0x20005000                __heap_end__ = .
                0x00000400                __process_stack_size__ = 0x400
                0x00000400                __main_stack_size__ = 0x400
START GROUP
LOAD c:/chibistudio/tools/gnu tools arm embedded/6.3 2017q1/bin/../lib/gcc/arm-none-eabi/6.3.1/thumb/v7-m\libgcc.a
LOAD c:/chibistudio/tools/gnu tools arm embedded/6.3 2017q1/bin/../lib/gcc/arm-none-eabi/6.3.1/../../../../arm-none-eabi/lib/thumb/v7-m\libg.a
LOAD c:/chibistudio/tools/gnu tools arm embedded/6.3 2017q1/bin/../lib/gcc/arm-none-eabi/6.3.1/../../../../arm-none-eabi/lib/thumb/v7-m\libc.a
END GROUP
OUTPUT(build/ch.elf elf32-littlearm)

.ARM.attributes
                0x00000000       0x2f
 .ARM.attributes
                0x00000000       0x21 build/obj/crt0_v7m.o
 .ARM.attributes
                0x00000021       0x21 build/obj/chcoreasm_v7m.o
 .ARM.attributes
                0x00000042       0x31 C:\Users\ALEX'S~1\AppData\Local\Temp\ccNPQzTn.ltrans0.ltrans.o
 .ARM.attributes
                0x00000073       0x2d c:/chibistudio/tools/gnu tools arm embedded/6.3 2017q1/bin/../lib/gcc/arm-none-eabi/6.3.1/../../../../arm-none-eabi/lib/thumb/v7-m\libg.a(lib_a-memset.o)

.comment        0x00000000       0x7f
 .comment       0x00000000       0x7f C:\Users\ALEX'S~1\AppData\Local\Temp\ccNPQzTn.ltrans0.ltrans.o
                                 0x80 (size before relaxing)

.debug_info     0x00000000     0x58b8
 .debug_info    0x00000000     0x58b8 C:\Users\ALEX'S~1\AppData\Local\Temp\ccNPQzTn.ltrans0.ltrans.o

.debug_abbrev   0x00000000      0x6d1
 .debug_abbrev  0x00000000      0x6d1 C:\Users\ALEX'S~1\AppData\Local\Temp\ccNPQzTn.ltrans0.ltrans.o

.debug_loc      0x00000000     0x2323
 .debug_loc     0x00000000     0x2323 C:\Users\ALEX'S~1\AppData\Local\Temp\ccNPQzTn.ltrans0.ltrans.o

.debug_aranges  0x00000000      0x180
 .debug_aranges
                0x00000000      0x180 C:\Users\ALEX'S~1\AppData\Local\Temp\ccNPQzTn.ltrans0.ltrans.o

.debug_ranges   0x00000000      0xfa8
 .debug_ranges  0x00000000      0xfa8 C:\Users\ALEX'S~1\AppData\Local\Temp\ccNPQzTn.ltrans0.ltrans.o

.debug_line     0x00000000     0x1681
 .debug_line    0x00000000     0x1681 C:\Users\ALEX'S~1\AppData\Local\Temp\ccNPQzTn.ltrans0.ltrans.o

.debug_str      0x00000000     0x15bb
 .debug_str     0x00000000     0x15bb C:\Users\ALEX'S~1\AppData\Local\Temp\ccNPQzTn.ltrans0.ltrans.o
                               0x16ce (size before relaxing)

.debug_frame    0x00000000      0x550
 .debug_frame   0x00000000      0x51c C:\Users\ALEX'S~1\AppData\Local\Temp\ccNPQzTn.ltrans0.ltrans.o
 .debug_frame   0x0000051c       0x34 c:/chibistudio/tools/gnu tools arm embedded/6.3 2017q1/bin/../lib/gcc/arm-none-eabi/6.3.1/../../../../arm-none-eabi/lib/thumb/v7-m\libg.a(lib_a-memset.o)

Cross Reference Table

Symbol                                            File
BusFault_Handler                                  build/obj/vectors.o (symbol from plugin)
DebugMon_Handler                                  build/obj/vectors.o (symbol from plugin)
HardFault_Handler                                 build/obj/vectors.o (symbol from plugin)
MemManage_Handler                                 build/obj/vectors.o (symbol from plugin)
NMI_Handler                                       build/obj/vectors.o (symbol from plugin)
PWMD1                                             build/obj/pwm_lld.o (symbol from plugin)
                                                  build/obj/MotorPWM.o (symbol from plugin)
PWMD3                                             build/obj/pwm_lld.o (symbol from plugin)
                                                  build/obj/MotorPWM.o (symbol from plugin)
PendSV_Handler                                    build/obj/vectors.o (symbol from plugin)
Reset_Handler                                     build/obj/crt0_v7m.o
                                                  C:\Users\ALEX'S~1\AppData\Local\Temp\ccNPQzTn.ltrans0.ltrans.o
                                                  build/obj/vectors.o (symbol from plugin)
SD2                                               build/obj/serial_lld.o (symbol from plugin)
                                                  build/obj/Bluetooth.o (symbol from plugin)
SVC_Handler                                       build/obj/chcore_v7m.o (symbol from plugin)
                                                  build/obj/vectors.o (symbol from plugin)
SysTick_Handler                                   build/obj/vectors.o (symbol from plugin)
SystemCoreClock                                   build/obj/hal_lld.o (symbol from plugin)
UsageFault_Handler                                build/obj/vectors.o (symbol from plugin)
Vector100                                         build/obj/vectors.o (symbol from plugin)
Vector104                                         build/obj/vectors.o (symbol from plugin)
Vector108                                         build/obj/vectors.o (symbol from plugin)
Vector10C                                         build/obj/vectors.o (symbol from plugin)
Vector110                                         build/obj/vectors.o (symbol from plugin)
Vector114                                         build/obj/vectors.o (symbol from plugin)
Vector118                                         build/obj/vectors.o (symbol from plugin)
Vector11C                                         build/obj/vectors.o (symbol from plugin)
Vector120                                         build/obj/vectors.o (symbol from plugin)
Vector124                                         build/obj/vectors.o (symbol from plugin)
Vector128                                         build/obj/vectors.o (symbol from plugin)
Vector12C                                         build/obj/vectors.o (symbol from plugin)
Vector130                                         build/obj/vectors.o (symbol from plugin)
Vector134                                         build/obj/vectors.o (symbol from plugin)
Vector138                                         build/obj/vectors.o (symbol from plugin)
Vector13C                                         build/obj/vectors.o (symbol from plugin)
Vector140                                         build/obj/vectors.o (symbol from plugin)
Vector144                                         build/obj/vectors.o (symbol from plugin)
Vector148                                         build/obj/vectors.o (symbol from plugin)
Vector14C                                         build/obj/vectors.o (symbol from plugin)
Vector150                                         build/obj/vectors.o (symbol from plugin)
Vector154                                         build/obj/vectors.o (symbol from plugin)
Vector158                                         build/obj/vectors.o (symbol from plugin)
Vector15C                                         build/obj/vectors.o (symbol from plugin)
Vector1C                                          build/obj/vectors.o (symbol from plugin)
Vector20                                          build/obj/vectors.o (symbol from plugin)
Vector24                                          build/obj/vectors.o (symbol from plugin)
Vector28                                          build/obj/vectors.o (symbol from plugin)
Vector34                                          build/obj/vectors.o (symbol from plugin)
Vector40                                          build/obj/vectors.o (symbol from plugin)
Vector44                                          build/obj/vectors.o (symbol from plugin)
Vector48                                          build/obj/vectors.o (symbol from plugin)
Vector4C                                          build/obj/vectors.o (symbol from plugin)
Vector50                                          build/obj/vectors.o (symbol from plugin)
Vector54                                          build/obj/vectors.o (symbol from plugin)
Vector58                                          build/obj/vectors.o (symbol from plugin)
Vector5C                                          build/obj/vectors.o (symbol from plugin)
Vector60                                          build/obj/vectors.o (symbol from plugin)
Vector64                                          build/obj/vectors.o (symbol from plugin)
Vector68                                          build/obj/vectors.o (symbol from plugin)
Vector6C                                          build/obj/vectors.o (symbol from plugin)
Vector70                                          build/obj/vectors.o (symbol from plugin)
Vector74                                          build/obj/vectors.o (symbol from plugin)
Vector78                                          build/obj/vectors.o (symbol from plugin)
Vector7C                                          build/obj/vectors.o (symbol from plugin)
Vector80                                          build/obj/vectors.o (symbol from plugin)
Vector84                                          build/obj/vectors.o (symbol from plugin)
Vector88                                          build/obj/vectors.o (symbol from plugin)
Vector8C                                          build/obj/vectors.o (symbol from plugin)
Vector90                                          build/obj/vectors.o (symbol from plugin)
Vector94                                          build/obj/vectors.o (symbol from plugin)
Vector98                                          build/obj/vectors.o (symbol from plugin)
Vector9C                                          build/obj/vectors.o (symbol from plugin)
VectorA0                                          build/obj/vectors.o (symbol from plugin)
VectorA4                                          build/obj/pwm_lld.o (symbol from plugin)
                                                  build/obj/vectors.o (symbol from plugin)
VectorA8                                          build/obj/vectors.o (symbol from plugin)
VectorAC                                          build/obj/pwm_lld.o (symbol from plugin)
                                                  build/obj/vectors.o (symbol from plugin)
VectorB0                                          build/obj/st_lld.o (symbol from plugin)
                                                  build/obj/vectors.o (symbol from plugin)
VectorB4                                          build/obj/pwm_lld.o (symbol from plugin)
                                                  build/obj/vectors.o (symbol from plugin)
VectorB8                                          build/obj/vectors.o (symbol from plugin)
VectorBC                                          build/obj/vectors.o (symbol from plugin)
VectorC0                                          build/obj/vectors.o (symbol from plugin)
VectorC4                                          build/obj/vectors.o (symbol from plugin)
VectorC8                                          build/obj/vectors.o (symbol from plugin)
VectorCC                                          build/obj/vectors.o (symbol from plugin)
VectorD0                                          build/obj/vectors.o (symbol from plugin)
VectorD4                                          build/obj/vectors.o (symbol from plugin)
VectorD8                                          build/obj/serial_lld.o (symbol from plugin)
                                                  build/obj/vectors.o (symbol from plugin)
VectorDC                                          build/obj/vectors.o (symbol from plugin)
VectorE0                                          build/obj/vectors.o (symbol from plugin)
VectorE4                                          build/obj/vectors.o (symbol from plugin)
VectorE8                                          build/obj/vectors.o (symbol from plugin)
VectorEC                                          build/obj/vectors.o (symbol from plugin)
VectorF0                                          build/obj/vectors.o (symbol from plugin)
VectorF4                                          build/obj/vectors.o (symbol from plugin)
VectorF8                                          build/obj/vectors.o (symbol from plugin)
VectorFC                                          build/obj/vectors.o (symbol from plugin)
__core_init                                       C:\Users\ALEX'S~1\AppData\Local\Temp\ccNPQzTn.ltrans0.ltrans.o
                                                  build/obj/crt1.o (symbol from plugin)
                                                  build/obj/crt0_v7m.o
__default_exit                                    C:\Users\ALEX'S~1\AppData\Local\Temp\ccNPQzTn.ltrans0.ltrans.o
                                                  build/obj/crt1.o (symbol from plugin)
                                                  build/obj/crt0_v7m.o
__early_init                                      C:\Users\ALEX'S~1\AppData\Local\Temp\ccNPQzTn.ltrans0.ltrans.o
                                                  build/obj/board.o (symbol from plugin)
                                                  build/obj/crt1.o (symbol from plugin)
                                                  build/obj/crt0_v7m.o
__fini_array_end                                  build/obj/crt0_v7m.o
__fini_array_start                                build/obj/crt0_v7m.o
__heap_base__                                     C:\Users\ALEX'S~1\AppData\Local\Temp\ccNPQzTn.ltrans0.ltrans.o
                                                  build/obj/chmemcore.o (symbol from plugin)
__heap_end__                                      C:\Users\ALEX'S~1\AppData\Local\Temp\ccNPQzTn.ltrans0.ltrans.o
                                                  build/obj/chmemcore.o (symbol from plugin)
__init_array_end                                  build/obj/crt0_v7m.o
__init_array_start                                build/obj/crt0_v7m.o
__init_ram_areas                                  C:\Users\ALEX'S~1\AppData\Local\Temp\ccNPQzTn.ltrans0.ltrans.o
                                                  build/obj/crt1.o (symbol from plugin)
                                                  build/obj/crt0_v7m.o
__late_init                                       C:\Users\ALEX'S~1\AppData\Local\Temp\ccNPQzTn.ltrans0.ltrans.o
                                                  build/obj/crt1.o (symbol from plugin)
                                                  build/obj/crt0_v7m.o
__main_stack_base__                               build/obj/crt0_v7m.o
__main_stack_end__                                C:\Users\ALEX'S~1\AppData\Local\Temp\ccNPQzTn.ltrans0.ltrans.o
                                                  build/obj/vectors.o (symbol from plugin)
                                                  build/obj/crt0_v7m.o
__process_stack_base__                            build/obj/crt0_v7m.o
__process_stack_end__                             build/obj/crt0_v7m.o
__ram0_clear__                                    C:\Users\ALEX'S~1\AppData\Local\Temp\ccNPQzTn.ltrans0.ltrans.o
                                                  build/obj/crt1.o (symbol from plugin)
__ram0_init__                                     C:\Users\ALEX'S~1\AppData\Local\Temp\ccNPQzTn.ltrans0.ltrans.o
                                                  build/obj/crt1.o (symbol from plugin)
__ram0_init_text__                                C:\Users\ALEX'S~1\AppData\Local\Temp\ccNPQzTn.ltrans0.ltrans.o
                                                  build/obj/crt1.o (symbol from plugin)
__ram0_noinit__                                   C:\Users\ALEX'S~1\AppData\Local\Temp\ccNPQzTn.ltrans0.ltrans.o
                                                  build/obj/crt1.o (symbol from plugin)
__ram1_clear__                                    C:\Users\ALEX'S~1\AppData\Local\Temp\ccNPQzTn.ltrans0.ltrans.o
                                                  build/obj/crt1.o (symbol from plugin)
__ram1_init__                                     C:\Users\ALEX'S~1\AppData\Local\Temp\ccNPQzTn.ltrans0.ltrans.o
                                                  build/obj/crt1.o (symbol from plugin)
__ram1_init_text__                                C:\Users\ALEX'S~1\AppData\Local\Temp\ccNPQzTn.ltrans0.ltrans.o
                                                  build/obj/crt1.o (symbol from plugin)
__ram1_noinit__                                   C:\Users\ALEX'S~1\AppData\Local\Temp\ccNPQzTn.ltrans0.ltrans.o
                                                  build/obj/crt1.o (symbol from plugin)
__ram2_clear__                                    C:\Users\ALEX'S~1\AppData\Local\Temp\ccNPQzTn.ltrans0.ltrans.o
                                                  build/obj/crt1.o (symbol from plugin)
__ram2_init__                                     C:\Users\ALEX'S~1\AppData\Local\Temp\ccNPQzTn.ltrans0.ltrans.o
                                                  build/obj/crt1.o (symbol from plugin)
__ram2_init_text__                                C:\Users\ALEX'S~1\AppData\Local\Temp\ccNPQzTn.ltrans0.ltrans.o
                                                  build/obj/crt1.o (symbol from plugin)
__ram2_noinit__                                   C:\Users\ALEX'S~1\AppData\Local\Temp\ccNPQzTn.ltrans0.ltrans.o
                                                  build/obj/crt1.o (symbol from plugin)
__ram3_clear__                                    C:\Users\ALEX'S~1\AppData\Local\Temp\ccNPQzTn.ltrans0.ltrans.o
                                                  build/obj/crt1.o (symbol from plugin)
__ram3_init__                                     C:\Users\ALEX'S~1\AppData\Local\Temp\ccNPQzTn.ltrans0.ltrans.o
                                                  build/obj/crt1.o (symbol from plugin)
__ram3_init_text__                                C:\Users\ALEX'S~1\AppData\Local\Temp\ccNPQzTn.ltrans0.ltrans.o
                                                  build/obj/crt1.o (symbol from plugin)
__ram3_noinit__                                   C:\Users\ALEX'S~1\AppData\Local\Temp\ccNPQzTn.ltrans0.ltrans.o
                                                  build/obj/crt1.o (symbol from plugin)
__ram4_clear__                                    C:\Users\ALEX'S~1\AppData\Local\Temp\ccNPQzTn.ltrans0.ltrans.o
                                                  build/obj/crt1.o (symbol from plugin)
__ram4_init__                                     C:\Users\ALEX'S~1\AppData\Local\Temp\ccNPQzTn.ltrans0.ltrans.o
                                                  build/obj/crt1.o (symbol from plugin)
__ram4_init_text__                                C:\Users\ALEX'S~1\AppData\Local\Temp\ccNPQzTn.ltrans0.ltrans.o
                                                  build/obj/crt1.o (symbol from plugin)
__ram4_noinit__                                   C:\Users\ALEX'S~1\AppData\Local\Temp\ccNPQzTn.ltrans0.ltrans.o
                                                  build/obj/crt1.o (symbol from plugin)
__ram5_clear__                                    C:\Users\ALEX'S~1\AppData\Local\Temp\ccNPQzTn.ltrans0.ltrans.o
                                                  build/obj/crt1.o (symbol from plugin)
__ram5_init__                                     C:\Users\ALEX'S~1\AppData\Local\Temp\ccNPQzTn.ltrans0.ltrans.o
                                                  build/obj/crt1.o (symbol from plugin)
__ram5_init_text__                                C:\Users\ALEX'S~1\AppData\Local\Temp\ccNPQzTn.ltrans0.ltrans.o
                                                  build/obj/crt1.o (symbol from plugin)
__ram5_noinit__                                   C:\Users\ALEX'S~1\AppData\Local\Temp\ccNPQzTn.ltrans0.ltrans.o
                                                  build/obj/crt1.o (symbol from plugin)
__ram6_clear__                                    C:\Users\ALEX'S~1\AppData\Local\Temp\ccNPQzTn.ltrans0.ltrans.o
                                                  build/obj/crt1.o (symbol from plugin)
__ram6_init__                                     C:\Users\ALEX'S~1\AppData\Local\Temp\ccNPQzTn.ltrans0.ltrans.o
                                                  build/obj/crt1.o (symbol from plugin)
__ram6_init_text__                                C:\Users\ALEX'S~1\AppData\Local\Temp\ccNPQzTn.ltrans0.ltrans.o
                                                  build/obj/crt1.o (symbol from plugin)
__ram6_noinit__                                   C:\Users\ALEX'S~1\AppData\Local\Temp\ccNPQzTn.ltrans0.ltrans.o
                                                  build/obj/crt1.o (symbol from plugin)
__ram7_clear__                                    C:\Users\ALEX'S~1\AppData\Local\Temp\ccNPQzTn.ltrans0.ltrans.o
                                                  build/obj/crt1.o (symbol from plugin)
__ram7_init__                                     C:\Users\ALEX'S~1\AppData\Local\Temp\ccNPQzTn.ltrans0.ltrans.o
                                                  build/obj/crt1.o (symbol from plugin)
__ram7_init_text__                                C:\Users\ALEX'S~1\AppData\Local\Temp\ccNPQzTn.ltrans0.ltrans.o
                                                  build/obj/crt1.o (symbol from plugin)
__ram7_noinit__                                   C:\Users\ALEX'S~1\AppData\Local\Temp\ccNPQzTn.ltrans0.ltrans.o
                                                  build/obj/crt1.o (symbol from plugin)
_bss_end                                          build/obj/crt0_v7m.o
_bss_start                                        build/obj/crt0_v7m.o
_core_init                                        build/obj/chmemcore.o (symbol from plugin)
                                                  build/obj/chsys.o (symbol from plugin)
_data_end                                         build/obj/crt0_v7m.o
_data_start                                       build/obj/crt0_v7m.o
_heap_init                                        build/obj/chheap.o (symbol from plugin)
                                                  build/obj/chsys.o (symbol from plugin)
_pal_lld_init                                     build/obj/pal_lld.o (symbol from plugin)
                                                  build/obj/hal.o (symbol from plugin)
_pal_lld_setgroupmode                             build/obj/pal_lld.o (symbol from plugin)
                                                  build/obj/pal.o (symbol from plugin)
_port_exit_from_isr                               build/obj/chcoreasm_v7m.o
                                                  C:\Users\ALEX'S~1\AppData\Local\Temp\ccNPQzTn.ltrans0.ltrans.o
                                                  build/obj/chcore_v7m.o (symbol from plugin)
_port_irq_epilogue                                build/obj/chcore_v7m.o (symbol from plugin)
                                                  build/obj/serial_lld.o (symbol from plugin)
                                                  build/obj/pwm_lld.o (symbol from plugin)
                                                  build/obj/st_lld.o (symbol from plugin)
_port_switch                                      build/obj/chcoreasm_v7m.o
                                                  C:\Users\ALEX'S~1\AppData\Local\Temp\ccNPQzTn.ltrans0.ltrans.o
                                                  build/obj/chschd.o (symbol from plugin)
_port_switch_from_isr                             build/obj/chcoreasm_v7m.o
                                                  C:\Users\ALEX'S~1\AppData\Local\Temp\ccNPQzTn.ltrans0.ltrans.o
                                                  build/obj/chcore_v7m.o (symbol from plugin)
_port_thread_start                                build/obj/chcoreasm_v7m.o
                                                  C:\Users\ALEX'S~1\AppData\Local\Temp\ccNPQzTn.ltrans0.ltrans.o
                                                  build/obj/chthreads.o (symbol from plugin)
_scheduler_init                                   build/obj/chschd.o (symbol from plugin)
                                                  build/obj/chsys.o (symbol from plugin)
_textdata_start                                   build/obj/crt0_v7m.o
_thread_init                                      build/obj/chthreads.o (symbol from plugin)
                                                  build/obj/chsys.o (symbol from plugin)
_tm_init                                          build/obj/chtm.o (symbol from plugin)
                                                  build/obj/chsys.o (symbol from plugin)
_unhandled_exception                              build/obj/vectors.o (symbol from plugin)
_vectors                                          C:\Users\ALEX'S~1\AppData\Local\Temp\ccNPQzTn.ltrans0.ltrans.o
                                                  build/obj/vectors.o (symbol from plugin)
_vt_init                                          build/obj/chvt.o (symbol from plugin)
                                                  build/obj/chsys.o (symbol from plugin)
bluetoothInit                                     build/obj/Bluetooth.o (symbol from plugin)
                                                  build/obj/main.o (symbol from plugin)
bluetoothdecode                                   build/obj/Bluetooth.o (symbol from plugin)
boardInit                                         build/obj/board.o (symbol from plugin)
                                                  build/obj/hal.o (symbol from plugin)
ch                                                build/obj/chschd.o (symbol from plugin)
                                                  build/obj/Bluetooth.o (symbol from plugin)
                                                  build/obj/MotorPWM.o (symbol from plugin)
                                                  build/obj/main.o (symbol from plugin)
                                                  build/obj/chmsg.o (symbol from plugin)
                                                  build/obj/chevents.o (symbol from plugin)
                                                  build/obj/chcond.o (symbol from plugin)
                                                  build/obj/chmtx.o (symbol from plugin)
                                                  build/obj/chsem.o (symbol from plugin)
                                                  build/obj/chregistry.o (symbol from plugin)
                                                  build/obj/chtm.o (symbol from plugin)
                                                  build/obj/chthreads.o (symbol from plugin)
                                                  build/obj/chvt.o (symbol from plugin)
                                                  build/obj/chsys.o (symbol from plugin)
chCondBroadcast                                   build/obj/chcond.o (symbol from plugin)
chCondBroadcastI                                  build/obj/chcond.o (symbol from plugin)
chCondObjectInit                                  build/obj/chcond.o (symbol from plugin)
chCondSignal                                      build/obj/chcond.o (symbol from plugin)
chCondSignalI                                     build/obj/chcond.o (symbol from plugin)
chCondWait                                        build/obj/chcond.o (symbol from plugin)
chCondWaitS                                       build/obj/chcond.o (symbol from plugin)
chCondWaitTimeout                                 build/obj/chcond.o (symbol from plugin)
chCondWaitTimeoutS                                build/obj/chcond.o (symbol from plugin)
chCoreAlloc                                       build/obj/chmemcore.o (symbol from plugin)
                                                  build/obj/chheap.o (symbol from plugin)
chCoreAllocI                                      build/obj/chmemcore.o (symbol from plugin)
chCoreGetStatusX                                  build/obj/chmemcore.o (symbol from plugin)
chEvtAddEvents                                    build/obj/chevents.o (symbol from plugin)
chEvtBroadcastFlags                               build/obj/chevents.o (symbol from plugin)
chEvtBroadcastFlagsI                              build/obj/chevents.o (symbol from plugin)
                                                  build/obj/serial_lld.o (symbol from plugin)
                                                  build/obj/serial.o (symbol from plugin)
chEvtDispatch                                     build/obj/chevents.o (symbol from plugin)
chEvtGetAndClearEvents                            build/obj/chevents.o (symbol from plugin)
chEvtGetAndClearFlags                             build/obj/chevents.o (symbol from plugin)
chEvtGetAndClearFlagsI                            build/obj/chevents.o (symbol from plugin)
                                                  build/obj/Bluetooth.o (symbol from plugin)
chEvtRegisterMaskWithFlags                        build/obj/chevents.o (symbol from plugin)
                                                  build/obj/Bluetooth.o (symbol from plugin)
chEvtSignal                                       build/obj/chevents.o (symbol from plugin)
chEvtSignalI                                      build/obj/chevents.o (symbol from plugin)
chEvtUnregister                                   build/obj/chevents.o (symbol from plugin)
chEvtWaitAll                                      build/obj/chevents.o (symbol from plugin)
chEvtWaitAllTimeout                               build/obj/chevents.o (symbol from plugin)
chEvtWaitAny                                      build/obj/chevents.o (symbol from plugin)
                                                  build/obj/Bluetooth.o (symbol from plugin)
chEvtWaitAnyTimeout                               build/obj/chevents.o (symbol from plugin)
chEvtWaitOne                                      build/obj/chevents.o (symbol from plugin)
chEvtWaitOneTimeout                               build/obj/chevents.o (symbol from plugin)
chHeapAlloc                                       build/obj/chheap.o (symbol from plugin)
                                                  build/obj/chdynamic.o (symbol from plugin)
chHeapFree                                        build/obj/chheap.o (symbol from plugin)
                                                  build/obj/chdynamic.o (symbol from plugin)
chHeapObjectInit                                  build/obj/chheap.o (symbol from plugin)
chHeapStatus                                      build/obj/chheap.o (symbol from plugin)
chIQGetTimeout                                    build/obj/chqueues.o (symbol from plugin)
                                                  build/obj/serial.o (symbol from plugin)
chIQObjectInit                                    build/obj/chqueues.o (symbol from plugin)
                                                  build/obj/serial.o (symbol from plugin)
chIQPutI                                          build/obj/chqueues.o (symbol from plugin)
                                                  build/obj/serial.o (symbol from plugin)
chIQReadTimeout                                   build/obj/chqueues.o (symbol from plugin)
                                                  build/obj/Bluetooth.o (symbol from plugin)
                                                  build/obj/serial.o (symbol from plugin)
chIQResetI                                        build/obj/chqueues.o (symbol from plugin)
                                                  build/obj/Bluetooth.o (symbol from plugin)
                                                  build/obj/serial.o (symbol from plugin)
chMBFetch                                         build/obj/chmboxes.o (symbol from plugin)
chMBFetchI                                        build/obj/chmboxes.o (symbol from plugin)
chMBFetchS                                        build/obj/chmboxes.o (symbol from plugin)
chMBObjectInit                                    build/obj/chmboxes.o (symbol from plugin)
chMBPost                                          build/obj/chmboxes.o (symbol from plugin)
chMBPostAhead                                     build/obj/chmboxes.o (symbol from plugin)
chMBPostAheadI                                    build/obj/chmboxes.o (symbol from plugin)
chMBPostAheadS                                    build/obj/chmboxes.o (symbol from plugin)
chMBPostI                                         build/obj/chmboxes.o (symbol from plugin)
chMBPostS                                         build/obj/chmboxes.o (symbol from plugin)
chMBReset                                         build/obj/chmboxes.o (symbol from plugin)
chMBResetI                                        build/obj/chmboxes.o (symbol from plugin)
chMsgRelease                                      build/obj/chmsg.o (symbol from plugin)
chMsgSend                                         build/obj/chmsg.o (symbol from plugin)
chMsgWait                                         build/obj/chmsg.o (symbol from plugin)
chMtxLock                                         build/obj/chmtx.o (symbol from plugin)
                                                  build/obj/chheap.o (symbol from plugin)
chMtxLockS                                        build/obj/chmtx.o (symbol from plugin)
                                                  build/obj/chcond.o (symbol from plugin)
chMtxObjectInit                                   build/obj/chmtx.o (symbol from plugin)
                                                  build/obj/chheap.o (symbol from plugin)
chMtxTryLock                                      build/obj/chmtx.o (symbol from plugin)
chMtxTryLockS                                     build/obj/chmtx.o (symbol from plugin)
chMtxUnlock                                       build/obj/chmtx.o (symbol from plugin)
                                                  build/obj/chheap.o (symbol from plugin)
chMtxUnlockAll                                    build/obj/chmtx.o (symbol from plugin)
chMtxUnlockS                                      build/obj/chmtx.o (symbol from plugin)
                                                  build/obj/chcond.o (symbol from plugin)
chOQGetI                                          build/obj/chqueues.o (symbol from plugin)
                                                  build/obj/serial_lld.o (symbol from plugin)
                                                  build/obj/serial.o (symbol from plugin)
chOQObjectInit                                    build/obj/chqueues.o (symbol from plugin)
                                                  build/obj/serial.o (symbol from plugin)
chOQPutTimeout                                    build/obj/chqueues.o (symbol from plugin)
                                                  build/obj/serial.o (symbol from plugin)
chOQResetI                                        build/obj/chqueues.o (symbol from plugin)
                                                  build/obj/serial.o (symbol from plugin)
chOQWriteTimeout                                  build/obj/chqueues.o (symbol from plugin)
                                                  build/obj/serial.o (symbol from plugin)
chPoolAlloc                                       build/obj/chmempools.o (symbol from plugin)
                                                  build/obj/chdynamic.o (symbol from plugin)
chPoolAllocI                                      build/obj/chmempools.o (symbol from plugin)
chPoolFree                                        build/obj/chmempools.o (symbol from plugin)
                                                  build/obj/chdynamic.o (symbol from plugin)
chPoolFreeI                                       build/obj/chmempools.o (symbol from plugin)
chPoolLoadArray                                   build/obj/chmempools.o (symbol from plugin)
chPoolObjectInit                                  build/obj/chmempools.o (symbol from plugin)
chRegFirstThread                                  build/obj/chregistry.o (symbol from plugin)
chRegNextThread                                   build/obj/chregistry.o (symbol from plugin)
chSchDoReschedule                                 C:\Users\ALEX'S~1\AppData\Local\Temp\ccNPQzTn.ltrans0.ltrans.o
                                                  build/obj/chschd.o (symbol from plugin)
                                                  build/obj/chcoreasm_v7m.o
chSchDoRescheduleAhead                            build/obj/chschd.o (symbol from plugin)
chSchDoRescheduleBehind                           build/obj/chschd.o (symbol from plugin)
                                                  build/obj/chthreads.o (symbol from plugin)
chSchGoSleepS                                     build/obj/chschd.o (symbol from plugin)
                                                  build/obj/chmsg.o (symbol from plugin)
                                                  build/obj/chevents.o (symbol from plugin)
                                                  build/obj/chcond.o (symbol from plugin)
                                                  build/obj/chmtx.o (symbol from plugin)
                                                  build/obj/chsem.o (symbol from plugin)
                                                  build/obj/chthreads.o (symbol from plugin)
chSchGoSleepTimeoutS                              build/obj/chschd.o (symbol from plugin)
                                                  build/obj/chevents.o (symbol from plugin)
                                                  build/obj/chcond.o (symbol from plugin)
                                                  build/obj/chsem.o (symbol from plugin)
                                                  build/obj/chthreads.o (symbol from plugin)
chSchIsPreemptionRequired                         build/obj/chschd.o (symbol from plugin)
                                                  build/obj/chcore_v7m.o (symbol from plugin)
chSchReadyI                                       build/obj/chschd.o (symbol from plugin)
                                                  build/obj/chmsg.o (symbol from plugin)
                                                  build/obj/chevents.o (symbol from plugin)
                                                  build/obj/chcond.o (symbol from plugin)
                                                  build/obj/chmtx.o (symbol from plugin)
                                                  build/obj/chsem.o (symbol from plugin)
                                                  build/obj/chthreads.o (symbol from plugin)
chSchRescheduleS                                  build/obj/chschd.o (symbol from plugin)
                                                  build/obj/serial.o (symbol from plugin)
                                                  build/obj/chmboxes.o (symbol from plugin)
                                                  build/obj/chevents.o (symbol from plugin)
                                                  build/obj/chcond.o (symbol from plugin)
                                                  build/obj/chmtx.o (symbol from plugin)
                                                  build/obj/chsem.o (symbol from plugin)
                                                  build/obj/chthreads.o (symbol from plugin)
                                                  build/obj/chsys.o (symbol from plugin)
chSchWakeupS                                      build/obj/chschd.o (symbol from plugin)
                                                  build/obj/chmsg.o (symbol from plugin)
                                                  build/obj/chcond.o (symbol from plugin)
                                                  build/obj/chsem.o (symbol from plugin)
                                                  build/obj/chdynamic.o (symbol from plugin)
                                                  build/obj/chthreads.o (symbol from plugin)
chSemAddCounterI                                  build/obj/chsem.o (symbol from plugin)
chSemObjectInit                                   build/obj/chsem.o (symbol from plugin)
chSemReset                                        build/obj/chsem.o (symbol from plugin)
chSemResetI                                       build/obj/chsem.o (symbol from plugin)
chSemSignal                                       build/obj/chsem.o (symbol from plugin)
chSemSignalI                                      build/obj/chsem.o (symbol from plugin)
chSemSignalWait                                   build/obj/chsem.o (symbol from plugin)
chSemWait                                         build/obj/chsem.o (symbol from plugin)
chSemWaitS                                        build/obj/chsem.o (symbol from plugin)
chSemWaitTimeout                                  build/obj/chsem.o (symbol from plugin)
chSemWaitTimeoutS                                 build/obj/chsem.o (symbol from plugin)
chSysGetStatusAndLockX                            build/obj/chsys.o (symbol from plugin)
chSysHalt                                         build/obj/chsys.o (symbol from plugin)
chSysInit                                         build/obj/chsys.o (symbol from plugin)
                                                  build/obj/main.o (symbol from plugin)
chSysIntegrityCheckI                              build/obj/chsys.o (symbol from plugin)
chSysIsCounterWithinX                             build/obj/chsys.o (symbol from plugin)
chSysPolledDelayX                                 build/obj/chsys.o (symbol from plugin)
chSysRestoreStatusX                               build/obj/chsys.o (symbol from plugin)
chSysTimerHandlerI                                build/obj/chsys.o (symbol from plugin)
                                                  build/obj/st_lld.o (symbol from plugin)
chTMChainMeasurementToX                           build/obj/chtm.o (symbol from plugin)
chTMObjectInit                                    build/obj/chtm.o (symbol from plugin)
chTMStartMeasurementX                             build/obj/chtm.o (symbol from plugin)
chTMStopMeasurementX                              build/obj/chtm.o (symbol from plugin)
chThdAddRef                                       build/obj/chdynamic.o (symbol from plugin)
chThdCreateFromHeap                               build/obj/chdynamic.o (symbol from plugin)
chThdCreateFromMemoryPool                         build/obj/chdynamic.o (symbol from plugin)
chThdCreateI                                      build/obj/chthreads.o (symbol from plugin)
                                                  build/obj/chdynamic.o (symbol from plugin)
chThdCreateStatic                                 build/obj/chthreads.o (symbol from plugin)
                                                  build/obj/Bluetooth.o (symbol from plugin)
                                                  build/obj/MotorPWM.o (symbol from plugin)
                                                  build/obj/main.o (symbol from plugin)
                                                  build/obj/chsys.o (symbol from plugin)
chThdDequeueAllI                                  build/obj/chthreads.o (symbol from plugin)
                                                  build/obj/hal_buffers.o (symbol from plugin)
                                                  build/obj/chqueues.o (symbol from plugin)
                                                  build/obj/chmboxes.o (symbol from plugin)
chThdDequeueNextI                                 build/obj/chthreads.o (symbol from plugin)
                                                  build/obj/hal_buffers.o (symbol from plugin)
                                                  build/obj/chqueues.o (symbol from plugin)
                                                  build/obj/chmboxes.o (symbol from plugin)
chThdEnqueueTimeoutS                              build/obj/chthreads.o (symbol from plugin)
                                                  build/obj/hal_buffers.o (symbol from plugin)
                                                  build/obj/chqueues.o (symbol from plugin)
                                                  build/obj/chmboxes.o (symbol from plugin)
chThdExit                                         C:\Users\ALEX'S~1\AppData\Local\Temp\ccNPQzTn.ltrans0.ltrans.o
                                                  build/obj/chthreads.o (symbol from plugin)
                                                  build/obj/chcoreasm_v7m.o
chThdExitS                                        build/obj/chthreads.o (symbol from plugin)
chThdRelease                                      build/obj/chdynamic.o (symbol from plugin)
                                                  build/obj/chregistry.o (symbol from plugin)
                                                  build/obj/chthreads.o (symbol from plugin)
chThdResume                                       build/obj/chthreads.o (symbol from plugin)
chThdResumeI                                      build/obj/chthreads.o (symbol from plugin)
chThdResumeS                                      build/obj/chthreads.o (symbol from plugin)
chThdSetPriority                                  build/obj/chthreads.o (symbol from plugin)
chThdSleep                                        build/obj/chthreads.o (symbol from plugin)
                                                  build/obj/Bluetooth.o (symbol from plugin)
                                                  build/obj/MotorPWM.o (symbol from plugin)
                                                  build/obj/main.o (symbol from plugin)
chThdSleepUntil                                   build/obj/chthreads.o (symbol from plugin)
chThdSleepUntilWindowed                           build/obj/chthreads.o (symbol from plugin)
chThdStart                                        build/obj/chthreads.o (symbol from plugin)
chThdSuspendS                                     build/obj/chthreads.o (symbol from plugin)
chThdSuspendTimeoutS                              build/obj/chthreads.o (symbol from plugin)
chThdTerminate                                    build/obj/chthreads.o (symbol from plugin)
chThdWait                                         build/obj/chthreads.o (symbol from plugin)
chThdYield                                        build/obj/chthreads.o (symbol from plugin)
chVTDoResetI                                      build/obj/chvt.o (symbol from plugin)
                                                  build/obj/chschd.o (symbol from plugin)
chVTDoSetI                                        build/obj/chvt.o (symbol from plugin)
                                                  build/obj/chschd.o (symbol from plugin)
ch_debug                                          build/obj/chregistry.o (symbol from plugin)
                                                  build/obj/chsys.o (symbol from plugin)
getPins                                           build/obj/MotorPWM.o (symbol from plugin)
                                                  build/obj/main.o (symbol from plugin)
halInit                                           build/obj/hal.o (symbol from plugin)
                                                  build/obj/main.o (symbol from plugin)
hal_lld_init                                      build/obj/hal_lld.o (symbol from plugin)
                                                  build/obj/hal.o (symbol from plugin)
ibqGetEmptyBufferI                                build/obj/hal_buffers.o (symbol from plugin)
ibqGetFullBufferTimeout                           build/obj/hal_buffers.o (symbol from plugin)
ibqGetFullBufferTimeoutS                          build/obj/hal_buffers.o (symbol from plugin)
ibqGetTimeout                                     build/obj/hal_buffers.o (symbol from plugin)
ibqObjectInit                                     build/obj/hal_buffers.o (symbol from plugin)
ibqPostFullBufferI                                build/obj/hal_buffers.o (symbol from plugin)
ibqReadTimeout                                    build/obj/hal_buffers.o (symbol from plugin)
ibqReleaseEmptyBuffer                             build/obj/hal_buffers.o (symbol from plugin)
ibqReleaseEmptyBufferS                            build/obj/hal_buffers.o (symbol from plugin)
ibqResetI                                         build/obj/hal_buffers.o (symbol from plugin)
main                                              C:\Users\ALEX'S~1\AppData\Local\Temp\ccNPQzTn.ltrans0.ltrans.o
                                                  build/obj/main.o (symbol from plugin)
                                                  build/obj/crt0_v7m.o
memset                                            c:/chibistudio/tools/gnu tools arm embedded/6.3 2017q1/bin/../lib/gcc/arm-none-eabi/6.3.1/../../../../arm-none-eabi/lib/thumb/v7-m\libg.a(lib_a-memset.o)
                                                  C:\Users\ALEX'S~1\AppData\Local\Temp\ccNPQzTn.ltrans0.ltrans.o
motorpwmInit                                      build/obj/MotorPWM.o (symbol from plugin)
                                                  build/obj/main.o (symbol from plugin)
motorpwmSet                                       build/obj/MotorPWM.o (symbol from plugin)
nvicClearPending                                  build/obj/nvic.o (symbol from plugin)
nvicDisableVector                                 build/obj/nvic.o (symbol from plugin)
                                                  build/obj/serial_lld.o (symbol from plugin)
                                                  build/obj/pwm_lld.o (symbol from plugin)
nvicEnableVector                                  build/obj/nvic.o (symbol from plugin)
                                                  build/obj/serial_lld.o (symbol from plugin)
                                                  build/obj/pwm_lld.o (symbol from plugin)
                                                  build/obj/st_lld.o (symbol from plugin)
nvicSetSystemHandlerPriority                      build/obj/nvic.o (symbol from plugin)
obqFlush                                          build/obj/hal_buffers.o (symbol from plugin)
obqGetEmptyBufferTimeout                          build/obj/hal_buffers.o (symbol from plugin)
obqGetEmptyBufferTimeoutS                         build/obj/hal_buffers.o (symbol from plugin)
obqGetFullBufferI                                 build/obj/hal_buffers.o (symbol from plugin)
obqObjectInit                                     build/obj/hal_buffers.o (symbol from plugin)
obqPostFullBuffer                                 build/obj/hal_buffers.o (symbol from plugin)
obqPostFullBufferS                                build/obj/hal_buffers.o (symbol from plugin)
obqPutTimeout                                     build/obj/hal_buffers.o (symbol from plugin)
obqReleaseEmptyBufferI                            build/obj/hal_buffers.o (symbol from plugin)
obqResetI                                         build/obj/hal_buffers.o (symbol from plugin)
obqTryFlushI                                      build/obj/hal_buffers.o (symbol from plugin)
obqWriteTimeout                                   build/obj/hal_buffers.o (symbol from plugin)
palReadBus                                        build/obj/pal.o (symbol from plugin)
palSetBusMode                                     build/obj/pal.o (symbol from plugin)
palWriteBus                                       build/obj/pal.o (symbol from plugin)
pal_default_config                                build/obj/board.o (symbol from plugin)
                                                  build/obj/hal.o (symbol from plugin)
pinInit                                           build/obj/MotorPWM.o (symbol from plugin)
pins                                              build/obj/main.o (symbol from plugin)
pwmChangePeriod                                   build/obj/pwm.o (symbol from plugin)
pwmDisableChannel                                 build/obj/pwm.o (symbol from plugin)
pwmDisableChannelNotification                     build/obj/pwm.o (symbol from plugin)
pwmDisablePeriodicNotification                    build/obj/pwm.o (symbol from plugin)
pwmEnableChannel                                  build/obj/pwm.o (symbol from plugin)
                                                  build/obj/MotorPWM.o (symbol from plugin)
pwmEnableChannelNotification                      build/obj/pwm.o (symbol from plugin)
pwmEnablePeriodicNotification                     build/obj/pwm.o (symbol from plugin)
pwmInit                                           build/obj/pwm.o (symbol from plugin)
                                                  build/obj/hal.o (symbol from plugin)
pwmObjectInit                                     build/obj/pwm.o (symbol from plugin)
                                                  build/obj/pwm_lld.o (symbol from plugin)
pwmStart                                          build/obj/pwm.o (symbol from plugin)
                                                  build/obj/MotorPWM.o (symbol from plugin)
pwmStop                                           build/obj/pwm.o (symbol from plugin)
pwm_lld_disable_channel                           build/obj/pwm_lld.o (symbol from plugin)
                                                  build/obj/pwm.o (symbol from plugin)
pwm_lld_disable_channel_notification              build/obj/pwm_lld.o (symbol from plugin)
                                                  build/obj/pwm.o (symbol from plugin)
pwm_lld_disable_periodic_notification             build/obj/pwm_lld.o (symbol from plugin)
                                                  build/obj/pwm.o (symbol from plugin)
pwm_lld_enable_channel                            build/obj/pwm_lld.o (symbol from plugin)
                                                  build/obj/pwm.o (symbol from plugin)
pwm_lld_enable_channel_notification               build/obj/pwm_lld.o (symbol from plugin)
                                                  build/obj/pwm.o (symbol from plugin)
pwm_lld_enable_periodic_notification              build/obj/pwm_lld.o (symbol from plugin)
                                                  build/obj/pwm.o (symbol from plugin)
pwm_lld_init                                      build/obj/pwm_lld.o (symbol from plugin)
                                                  build/obj/pwm.o (symbol from plugin)
pwm_lld_serve_interrupt                           build/obj/pwm_lld.o (symbol from plugin)
pwm_lld_start                                     build/obj/pwm_lld.o (symbol from plugin)
                                                  build/obj/pwm.o (symbol from plugin)
pwm_lld_stop                                      build/obj/pwm_lld.o (symbol from plugin)
                                                  build/obj/pwm.o (symbol from plugin)
sdGetWouldBlock                                   build/obj/serial.o (symbol from plugin)
sdIncomingDataI                                   build/obj/serial.o (symbol from plugin)
                                                  build/obj/serial_lld.o (symbol from plugin)
sdInit                                            build/obj/serial.o (symbol from plugin)
                                                  build/obj/hal.o (symbol from plugin)
sdObjectInit                                      build/obj/serial.o (symbol from plugin)
                                                  build/obj/serial_lld.o (symbol from plugin)
sdPutWouldBlock                                   build/obj/serial.o (symbol from plugin)
sdRequestDataI                                    build/obj/serial.o (symbol from plugin)
sdStart                                           build/obj/serial.o (symbol from plugin)
                                                  build/obj/Bluetooth.o (symbol from plugin)
sdStop                                            build/obj/serial.o (symbol from plugin)
sd_lld_init                                       build/obj/serial_lld.o (symbol from plugin)
                                                  build/obj/serial.o (symbol from plugin)
sd_lld_start                                      build/obj/serial_lld.o (symbol from plugin)
                                                  build/obj/serial.o (symbol from plugin)
sd_lld_stop                                       build/obj/serial_lld.o (symbol from plugin)
                                                  build/obj/serial.o (symbol from plugin)
stGetAlarm                                        build/obj/st.o (symbol from plugin)
stInit                                            build/obj/st.o (symbol from plugin)
                                                  build/obj/hal.o (symbol from plugin)
stSetAlarm                                        build/obj/st.o (symbol from plugin)
                                                  build/obj/chvt.o (symbol from plugin)
                                                  build/obj/chsys.o (symbol from plugin)
stStartAlarm                                      build/obj/st.o (symbol from plugin)
                                                  build/obj/chvt.o (symbol from plugin)
stStopAlarm                                       build/obj/st.o (symbol from plugin)
                                                  build/obj/chvt.o (symbol from plugin)
                                                  build/obj/chsys.o (symbol from plugin)
st_lld_init                                       build/obj/st_lld.o (symbol from plugin)
                                                  build/obj/st.o (symbol from plugin)
stm32_clock_init                                  build/obj/hal_lld.o (symbol from plugin)
                                                  build/obj/board.o (symbol from plugin)
